[1 of 3] Compiling T8042B           ( T8042B.hs, T8042B.o )
[2 of 3] Compiling T8042C           ( T8042C.hs, interpreted )
[3 of 3] Compiling T8042A           ( T8042A.hs, interpreted )
Ok, three modules loaded.
[3 of 3] Compiling T8042A           ( T8042A.hs, T8042A.o ) [Source file changed]
Ok, three modules loaded.
[2 of 3] Compiling T8042C           ( T8042C.hs, interpreted )
[3 of 3] Compiling T8042A           ( T8042A.hs, interpreted )
Ok, three modules loaded.
