
==================== Parser AST ====================

(L
 { T17544_kw.hs:1:1 }
 (HsModule
  (EpAnn
   (Anchor
    { T17544_kw.hs:1:1 }
    (UnchangedAnchor))
   (AnnsModule
    [(AddEpAnn AnnModule (EpaSpan { T17544_kw.hs:11:1-6 }))
    ,(AddEpAnn AnnWhere (EpaSpan { T17544_kw.hs:13:13-17 }))]
    (AnnList
     (Nothing)
     (Nothing)
     (Nothing)
     []
     []))
   (EpaCommentsBalanced
    []
    [(L
      (Anchor
       { T17544_kw.hs:25:1 }
       (UnchangedAnchor))
      (EpaComment
       (EpaEofComment)
       { T17544_kw.hs:25:1 }))]))
  (VirtualBraces
   (1))
  (Just
   (L
    { T17544_kw.hs:13:3-11 }
    {ModuleName: T17544_kw}))
  (Nothing)
  []
  [(L
    (SrcSpanAnn (EpAnn
                 (Anchor
                  { T17544_kw.hs:(15,1)-(16,20) }
                  (UnchangedAnchor))
                 (AnnListItem
                  [])
                 (EpaComments
                  [])) { T17544_kw.hs:(15,1)-(16,20) })
    (TyClD
     (NoExtField)
     (DataDecl
      (EpAnn
       (Anchor
        { T17544_kw.hs:(15,1)-(16,20) }
        (UnchangedAnchor))
       [(AddEpAnn AnnData (EpaSpan { T17544_kw.hs:15:1-4 }))
       ,(AddEpAnn AnnWhere (EpaSpan { T17544_kw.hs:16:3-7 }))]
       (EpaComments
        []))
      (L
       (SrcSpanAnn (EpAnnNotUsed) { T17544_kw.hs:15:6-8 })
       (Unqual
        {OccName: Foo}))
      (HsQTvs
       (NoExtField)
       [])
      (Prefix)
      (HsDataDefn
       (NoExtField)
       (DataType)
       (Nothing)
       (Nothing)
       (Nothing)
       [(L
         (SrcSpanAnn (EpAnnNotUsed) { T17544_kw.hs:16:9-20 })
         (ConDeclGADT
          (EpAnn
           (Anchor
            { T17544_kw.hs:16:9-20 }
            (UnchangedAnchor))
           [(AddEpAnn AnnDcolon (EpaSpan { T17544_kw.hs:16:15-16 }))]
           (EpaComments
            []))
          [(L
            (SrcSpanAnn (EpAnnNotUsed) { T17544_kw.hs:16:9-13 })
            (Unqual
             {OccName: MkFoo}))]
          (L
           (SrcSpanAnn (EpAnnNotUsed) { T17544_kw.hs:16:18-20 })
           (HsOuterImplicit
            (NoExtField)))
          (Nothing)
          (PrefixConGADT
           (PCGResult
            (L
             (SrcSpanAnn (EpAnnNotUsed) { T17544_kw.hs:16:18-20 })
             (HsTyVar
              (EpAnn
               (Anchor
                { T17544_kw.hs:16:18-20 }
                (UnchangedAnchor))
               []
               (EpaComments
                []))
              (NotPromoted)
              (L
               (SrcSpanAnn (EpAnnNotUsed) { T17544_kw.hs:16:18-20 })
               (Unqual
                {OccName: Foo}))))))
          (Just
           (L
            { T17544_kw.hs:15:10-35 }
            (HsDocString
             " Bad comment for MkFoo")))))]
       []))))
  ,(L
    (SrcSpanAnn (EpAnn
                 (Anchor
                  { T17544_kw.hs:(18,1)-(19,26) }
                  (UnchangedAnchor))
                 (AnnListItem
                  [])
                 (EpaComments
                  [])) { T17544_kw.hs:(18,1)-(19,26) })
    (TyClD
     (NoExtField)
     (DataDecl
      (EpAnn
       (Anchor
        { T17544_kw.hs:(18,1)-(19,26) }
        (UnchangedAnchor))
       [(AddEpAnn AnnNewtype (EpaSpan { T17544_kw.hs:18:1-7 }))
       ,(AddEpAnn AnnWhere (EpaSpan { T17544_kw.hs:19:3-7 }))]
       (EpaComments
        []))
      (L
       (SrcSpanAnn (EpAnnNotUsed) { T17544_kw.hs:18:9-11 })
       (Unqual
        {OccName: Bar}))
      (HsQTvs
       (NoExtField)
       [])
      (Prefix)
      (HsDataDefn
       (NoExtField)
       (NewType)
       (Nothing)
       (Nothing)
       (Nothing)
       [(L
         (SrcSpanAnn (EpAnnNotUsed) { T17544_kw.hs:19:9-26 })
         (ConDeclGADT
          (EpAnn
           (Anchor
            { T17544_kw.hs:19:9-26 }
            (UnchangedAnchor))
           [(AddEpAnn AnnDcolon (EpaSpan { T17544_kw.hs:19:15-16 }))]
           (EpaComments
            []))
          [(L
            (SrcSpanAnn (EpAnnNotUsed) { T17544_kw.hs:19:9-13 })
            (Unqual
             {OccName: MkBar}))]
          (L
           (SrcSpanAnn (EpAnnNotUsed) { T17544_kw.hs:19:18-26 })
           (HsOuterImplicit
            (NoExtField)))
          (Nothing)
          (PrefixConGADT
           (PCGAnonArg
            (HsScaled
             (HsUnrestrictedArrow
              (NormalSyntax))
             (L
              (SrcSpanAnn (EpAnn
                           (Anchor
                            { T17544_kw.hs:19:18-19 }
                            (UnchangedAnchor))
                           (AnnListItem
                            [(AddRarrowAnn
                              (EpaSpan { T17544_kw.hs:19:21-22 }))])
                           (EpaComments
                            [])) { T17544_kw.hs:19:18-19 })
              (HsTupleTy
               (EpAnn
                (Anchor
                 { T17544_kw.hs:19:18 }
                 (UnchangedAnchor))
                (AnnParen
                 (AnnParens)
                 (EpaSpan { T17544_kw.hs:19:18 })
                 (EpaSpan { T17544_kw.hs:19:19 }))
                (EpaComments
                 []))
               (HsBoxedOrConstraintTuple)
               [])))
            (PCGResult
             (L
              (SrcSpanAnn (EpAnnNotUsed) { T17544_kw.hs:19:24-26 })
              (HsTyVar
               (EpAnn
                (Anchor
                 { T17544_kw.hs:19:24-26 }
                 (UnchangedAnchor))
                []
                (EpaComments
                 []))
               (NotPromoted)
               (L
                (SrcSpanAnn (EpAnnNotUsed) { T17544_kw.hs:19:24-26 })
                (Unqual
                 {OccName: Bar})))))))
          (Just
           (L
            { T17544_kw.hs:18:13-38 }
            (HsDocString
             " Bad comment for MkBar")))))]
       []))))
  ,(L
    (SrcSpanAnn (EpAnn
                 (Anchor
                  { T17544_kw.hs:(21,1)-(24,18) }
                  (UnchangedAnchor))
                 (AnnListItem
                  [])
                 (EpaComments
                  [])) { T17544_kw.hs:(21,1)-(24,18) })
    (TyClD
     (NoExtField)
     (ClassDecl
      ((,,)
       (EpAnn
        (Anchor
         { T17544_kw.hs:(21,1)-(24,18) }
         (UnchangedAnchor))
        [(AddEpAnn AnnClass (EpaSpan { T17544_kw.hs:21:1-5 }))
        ,(AddEpAnn AnnWhere (EpaSpan { T17544_kw.hs:23:3-7 }))]
        (EpaComments
         []))
       (NoAnnSortKey)
       (VirtualBraces
        (5)))
      (Nothing)
      (L
       (SrcSpanAnn (EpAnnNotUsed) { T17544_kw.hs:21:7-9 })
       (Unqual
        {OccName: Cls}))
      (HsQTvs
       (NoExtField)
       [(L
         (SrcSpanAnn (EpAnnNotUsed) { T17544_kw.hs:21:11 })
         (UserTyVar
          (EpAnn
           (Anchor
            { T17544_kw.hs:21:11 }
            (UnchangedAnchor))
           []
           (EpaComments
            []))
          (())
          (L
           (SrcSpanAnn (EpAnnNotUsed) { T17544_kw.hs:21:11 })
           (Unqual
            {OccName: a}))))])
      (Prefix)
      []
      [(L
        (SrcSpanAnn (EpAnnNotUsed) { T17544_kw.hs:24:5-18 })
        (ClassOpSig
         (EpAnn
          (Anchor
           { T17544_kw.hs:24:5-13 }
           (UnchangedAnchor))
          (AnnSig
           (AddEpAnn AnnDcolon (EpaSpan { T17544_kw.hs:24:15-16 }))
           [])
          (EpaComments
           []))
         (False)
         [(L
           (SrcSpanAnn (EpAnnNotUsed) { T17544_kw.hs:24:5-13 })
           (Unqual
            {OccName: clsmethod}))]
         (L
          (SrcSpanAnn (EpAnnNotUsed) { T17544_kw.hs:24:18 })
          (HsSig
           (NoExtField)
           (HsOuterImplicit
            (NoExtField))
           (L
            (SrcSpanAnn (EpAnnNotUsed) { T17544_kw.hs:24:18 })
            (HsTyVar
             (EpAnn
              (Anchor
               { T17544_kw.hs:24:18 }
               (UnchangedAnchor))
              []
              (EpaComments
               []))
             (NotPromoted)
             (L
              (SrcSpanAnn (EpAnnNotUsed) { T17544_kw.hs:24:18 })
              (Unqual
               {OccName: a}))))))))]
      {Bag(LocatedA (HsBind GhcPs)):
       []}
      []
      []
      [(L
        (SrcSpanAnn (EpAnnNotUsed) { T17544_kw.hs:22:5-34 })
        (DocCommentNext
         (HsDocString
          " Bad comment for clsmethod")))])))]
  (Nothing)
  (Just
   (L
    { T17544_kw.hs:12:3-33 }
    (HsDocString
     " Bad comment for the module")))))


