
==================== Cpr signatures ====================
T19398.a:
T19398.c:
T19398.f: 1
T19398.g: 1(1, 1)


