
==================== Cpr signatures ====================
T19822.singleton: 1(, 1)


