
==================== Final STG: ====================
Foo.f :: forall {a}. a -> [GHC.Maybe.Maybe a]
[GblId, Arity=1, Str=<1L>, Cpr=2(2, 2(2, 1)), Unf=OtherCon []] =
    {} \r [x]
        case x of x1 {
        __DEFAULT ->
        let {
          sat [Occ=Once1] :: GHC.Maybe.Maybe a
          [LclId] =
              CCCS GHC.Maybe.Just! [x1]; } in
        let {
          sat [Occ=Once1] :: [GHC.Maybe.Maybe a]
          [LclId] =
              CCCS :! [sat GHC.Types.[]];
        } in  : [sat sat];
        };


