Breakpoint 0 activated at T8487.hs:(5,8)-(7,65)
Stopped in Main.f, T8487.hs:(5,8)-(7,65)
_result :: IO String = _
ma :: Either SomeExceptionWithLocation String = Left _
