TYPE SIGNATURES
  f :: Int -> ()
  m :: forall a. C a => a -> ()
TYPE CONSTRUCTORS
  class C{1} :: * -> Constraint
COERCION AXIOMS
  axiom T12763.N:C :: C a = a -> ()
CLASS INSTANCES
  instance C Int -- Defined at T12763.hs:9:10
Dependent modules: []
Dependent packages: [base-4.14.2.0, ghc-prim-0.6.1,
                     integer-gmp-1.0.3.0]
