
T11822.hs:33:1: warning: [-Wincomplete-patterns (in -Wextra)]
    Pattern match(es) are non-exhaustive
    In an equation for ‘mkTreeNode’:
        Patterns of type  ‘prefix’, ‘Seq SiblingDependencies’,
                          ‘Set prefix’, ‘Depth’ not matched:
            _ (Data.Sequence.Internal.Seq Data.Sequence.Internal.EmptyT)
            (Data.Set.Internal.Bin _ _ _ _) (Depth _)
            _ (Data.Sequence.Internal.Seq Data.Sequence.Internal.EmptyT)
            Data.Set.Internal.Tip (Depth _)
            _ (Data.Sequence.Internal.Seq (Data.Sequence.Internal.Single _))
            (Data.Set.Internal.Bin _ _ _ _) (Depth _)
            _ (Data.Sequence.Internal.Seq (Data.Sequence.Internal.Single _))
            Data.Set.Internal.Tip (Depth _)
            ...

T11822.hs:33:1: warning:
    Pattern match checker ran into -fmax-pmcheck-models=30 limit, so
      • Redundant clauses might not be reported at all
      • Redundant clauses might be reported as inaccessible
      • Patterns reported as unmatched might actually be matched
    Suggested fix:
      Increase the limit or resolve the warnings to suppress this message.

