
==================== Strictness signatures ====================
T13380f.$trModule:
T13380f.f: <1P(L)><1P(L)><L>
T13380f.g: <1P(L)><MP(L)><L>
T13380f.h: <1P(L)><MP(L)><L>
T13380f.interruptibleCall: <L>
T13380f.safeCall: <L>
T13380f.unsafeCall: <L>



==================== Cpr signatures ====================
T13380f.$trModule:
T13380f.f: 1(, 1)
T13380f.g: 1(, 1)
T13380f.h: 1(, 1)
T13380f.interruptibleCall: 1(, 1)
T13380f.safeCall: 1(, 1)
T13380f.unsafeCall: 1(, 1)



==================== Strictness signatures ====================
T13380f.$trModule:
T13380f.f: <1P(L)><1P(L)><L>
T13380f.g: <1P(L)><MP(L)><L>
T13380f.h: <1P(L)><MP(L)><L>
T13380f.interruptibleCall: <L>
T13380f.safeCall: <L>
T13380f.unsafeCall: <L>


