Rule fired: Int# -> Integer -> Word# (BUILTIN)
Rule fired: int2Word# (BUILTIN)
Rule fired: Int# -> Integer -> Int# (BUILTIN)
Rule fired: Word# -> Natural -> Word# (BUILTIN)
